2025-12-18 01:41:51,431 [INFO] ======================================================================
2025-12-18 01:41:51,431 [INFO] BYBIT MARKET DATA FETCHER - SESSION START
2025-12-18 01:41:51,431 [INFO] ======================================================================
2025-12-18 01:41:51,431 [INFO] Base directory: /media/przem/linux_data/RiskYieldMM/fetchingByBit
2025-12-18 01:41:51,431 [INFO] Symbol: BTCUSDT | Category: linear
2025-12-18 01:41:51,431 [INFO] Date range: 2021-01-01 → now
2025-12-18 01:41:51,431 [INFO] Log file: /media/przem/linux_data/RiskYieldMM/fetchingByBit/fetch_log_20251218_014151.log
2025-12-18 01:41:51,431 [INFO] === Starting fetch: LINEAR BTCUSDT 1m ===
Base directory: /media/przem/linux_data/RiskYieldMM/fetchingByBit
Symbol: BTCUSDT | Category: linear
Date range: 2021-01-01 → now


=== LINEAR BTCUSDT 1m ===
→ page    1: 1000 rows [2021-01-01 00:00:00 .. 2021-01-01 16:39:00]
[ 1m    1]   0.04% complete
→ page    2: 1000 rows [2021-01-01 16:40:00 .. 2021-01-02 09:19:00]
[ 1m    2]   0.08% complete
→ page    3: 1000 rows [2021-01-02 09:20:00 .. 2021-01-03 01:59:00]
[ 1m    3]   0.11% complete
→ page    4: 1000 rows [2021-01-03 02:00:00 .. 2021-01-03 18:39:00]
[ 1m    4]   0.15% complete
→ page    5: 1000 rows [2021-01-03 18:40:00 .. 2021-01-04 11:19:00]
[ 1m    5]   0.19% complete
→ page    6: 1000 rows [2021-01-04 11:20:00 .. 2021-01-05 03:59:00]
[ 1m    6]   0.23% complete
→ page    7: 1000 rows [2021-01-05 04:00:00 .. 2021-01-05 20:39:00]
[ 1m    7]   0.27% complete
→ page    8: 1000 rows [2021-01-05 20:40:00 .. 2021-01-06 13:19:00]
[ 1m    8]   0.31% complete
→ page    9: 1000 rows [2021-01-06 13:20:00 .. 2021-01-07 05:59:00]
[ 1m    9]   0.34% complete
→ page   10: 1000 rows [2021-01-07 06:00:00 .. 2021-01-07 22:39:00]
[ 1m   10]   0.38% complete
→ page   11: 1000 rows [2021-01-07 22:40:00 .. 2021-01-08 15:19:00]
[ 1m   11]   0.42% complete
→ page   12: 1000 rows [2021-01-08 15:20:00 .. 2021-01-09 07:59:00]
[ 1m   12]   0.46% complete
→ page   13: 1000 rows [2021-01-09 08:00:00 .. 2021-01-10 00:39:00]
[ 1m   13]   0.50% complete
→ page   14: 1000 rows [2021-01-10 00:40:00 .. 2021-01-10 17:19:00]
[ 1m   14]   0.54% complete
→ page   15: 1000 rows [2021-01-10 17:20:00 .. 2021-01-11 09:59:00]
[ 1m   15]   0.57% complete
→ page   16: 1000 rows [2021-01-11 10:00:00 .. 2021-01-12 02:39:00]
[ 1m   16]   0.61% complete
→ page   17: 1000 rows [2021-01-12 02:40:00 .. 2021-01-12 19:19:00]
[ 1m   17]   0.65% complete
→ page   18: 1000 rows [2021-01-12 19:20:00 .. 2021-01-13 11:59:00]
[ 1m   18]   0.69% complete
→ page   19: 1000 rows [2021-01-13 12:00:00 .. 2021-01-14 04:39:00]
[ 1m   19]   0.73% complete
→ page   20: 1000 rows [2021-01-14 04:40:00 .. 2021-01-14 21:19:00]
[ 1m   20]   0.77% complete
→ page   21: 1000 rows [2021-01-14 21:20:00 .. 2021-01-15 13:59:00]
[ 1m   21]   0.80% complete
→ page   22: 1000 rows [2021-01-15 14:00:00 .. 2021-01-16 06:39:00]
[ 1m   22]   0.84% complete
→ page   23: 1000 rows [2021-01-16 06:40:00 .. 2021-01-16 23:19:00]
[ 1m   23]   0.88% complete
→ page   24: 1000 rows [2021-01-16 23:20:00 .. 2021-01-17 15:59:00]
[ 1m   24]   0.92% complete
→ page   25: 1000 rows [2021-01-17 16:00:00 .. 2021-01-18 08:39:00]
[ 1m   25]   0.96% complete
→ page   26: 1000 rows [2021-01-18 08:40:00 .. 2021-01-19 01:19:00]
[ 1m   26]   1.00% complete
→ page   27: 1000 rows [2021-01-19 01:20:00 .. 2021-01-19 17:59:00]
[ 1m   27]   1.03% complete
→ page   28: 1000 rows [2021-01-19 18:00:00 .. 2021-01-20 10:39:00]
[ 1m   28]   1.07% complete
→ page   29: 1000 rows [2021-01-20 10:40:00 .. 2021-01-21 03:19:00]
[ 1m   29]   1.11% complete
→ page   30: 1000 rows [2021-01-21 03:20:00 .. 2021-01-21 19:59:00]
[ 1m   30]   1.15% complete
→ page   31: 1000 rows [2021-01-21 20:00:00 .. 2021-01-22 12:39:00]
[ 1m   31]   1.19% complete
→ page   32: 1000 rows [2021-01-22 12:40:00 .. 2021-01-23 05:19:00]
[ 1m   32]   1.23% complete
→ page   33: 1000 rows [2021-01-23 05:20:00 .. 2021-01-23 21:59:00]
[ 1m   33]   1.26% complete
→ page   34: 1000 rows [2021-01-23 22:00:00 .. 2021-01-24 14:39:00]
[ 1m   34]   1.30% complete
→ page   35: 1000 rows [2021-01-24 14:40:00 .. 2021-01-25 07:19:00]
[ 1m   35]   1.34% complete
→ page   36: 1000 rows [2021-01-25 07:20:00 .. 2021-01-25 23:59:00]
[ 1m   36]   1.38% complete
→ page   37: 1000 rows [2021-01-26 00:00:00 .. 2021-01-26 16:39:00]
[ 1m   37]   1.42% complete
→ page   38: 1000 rows [2021-01-26 16:40:00 .. 2021-01-27 09:19:00]
[ 1m   38]   1.46% complete
→ page   39: 1000 rows [2021-01-27 09:20:00 .. 2021-01-28 01:59:00]
[ 1m   39]   1.49% complete
→ page   40: 1000 rows [2021-01-28 02:00:00 .. 2021-01-28 18:39:00]
[ 1m   40]   1.53% complete
→ page   41: 1000 rows [2021-01-28 18:40:00 .. 2021-01-29 11:19:00]
[ 1m   41]   1.57% complete
→ page   42: 1000 rows [2021-01-29 11:20:00 .. 2021-01-30 03:59:00]
[ 1m   42]   1.61% complete
→ page   43: 1000 rows [2021-01-30 04:00:00 .. 2021-01-30 20:39:00]
[ 1m   43]   1.65% complete
→ page   44: 1000 rows [2021-01-30 20:40:00 .. 2021-01-31 13:19:00]
[ 1m   44]   1.69% complete
→ page   45: 1000 rows [2021-01-31 13:20:00 .. 2021-02-01 05:59:00]
[ 1m   45]   1.72% complete
→ page   46: 1000 rows [2021-02-01 06:00:00 .. 2021-02-01 22:39:00]
[ 1m   46]   1.76% complete
→ page   47: 1000 rows [2021-02-01 22:40:00 .. 2021-02-02 15:19:00]
[ 1m   47]   1.80% complete
→ page   48: 1000 rows [2021-02-02 15:20:00 .. 2021-02-03 07:59:00]
[ 1m   48]   1.84% complete
→ page   49: 1000 rows [2021-02-03 08:00:00 .. 2021-02-04 00:39:00]
[ 1m   49]   1.88% complete
→ page   50: 1000 rows [2021-02-04 00:40:00 .. 2021-02-04 17:19:00]
[ 1m   50]   1.92% complete
→ page   51: 1000 rows [2021-02-04 17:20:00 .. 2021-02-05 09:59:00]
[ 1m   51]   1.95% complete
→ page   52: 1000 rows [2021-02-05 10:00:00 .. 2021-02-06 02:39:00]
[ 1m   52]   1.99% complete
→ page   53: 1000 rows [2021-02-06 02:40:00 .. 2021-02-06 19:19:00]
[ 1m   53]   2.03% complete
→ page   54: 1000 rows [2021-02-06 19:20:00 .. 2021-02-07 11:59:00]
[ 1m   54]   2.07% complete
→ page   55: 1000 rows [2021-02-07 12:00:00 .. 2021-02-08 04:39:00]
[ 1m   55]   2.11% complete
→ page   56: 1000 rows [2021-02-08 04:40:00 .. 2021-02-08 21:19:00]
[ 1m   56]   2.15% complete
→ page   57: 1000 rows [2021-02-08 21:20:00 .. 2021-02-09 13:59:00]
[ 1m   57]   2.18% complete
→ page   58: 1000 rows [2021-02-09 14:00:00 .. 2021-02-10 06:39:00]
[ 1m   58]   2.22% complete
→ page   59: 1000 rows [2021-02-10 06:40:00 .. 2021-02-10 23:19:00]
[ 1m   59]   2.26% complete
→ page   60: 1000 rows [2021-02-10 23:20:00 .. 2021-02-11 15:59:00]
[ 1m   60]   2.30% complete
→ page   61: 1000 rows [2021-02-11 16:00:00 .. 2021-02-12 08:39:00]
[ 1m   61]   2.34% complete
→ page   62: 1000 rows [2021-02-12 08:40:00 .. 2021-02-13 01:19:00]
[ 1m   62]   2.38% complete
→ page   63: 1000 rows [2021-02-13 01:20:00 .. 2021-02-13 17:59:00]
[ 1m   63]   2.41% complete
→ page   64: 1000 rows [2021-02-13 18:00:00 .. 2021-02-14 10:39:00]
[ 1m   64]   2.45% complete
→ page   65: 1000 rows [2021-02-14 10:40:00 .. 2021-02-15 03:19:00]
[ 1m   65]   2.49% complete
→ page   66: 1000 rows [2021-02-15 03:20:00 .. 2021-02-15 19:59:00]
[ 1m   66]   2.53% complete
→ page   67: 1000 rows [2021-02-15 20:00:00 .. 2021-02-16 12:39:00]
[ 1m   67]   2.57% complete
→ page   68: 1000 rows [2021-02-16 12:40:00 .. 2021-02-17 05:19:00]
[ 1m   68]   2.61% complete
→ page   69: 1000 rows [2021-02-17 05:20:00 .. 2021-02-17 21:59:00]
[ 1m   69]   2.64% complete
→ page   70: 1000 rows [2021-02-17 22:00:00 .. 2021-02-18 14:39:00]
[ 1m   70]   2.68% complete
→ page   71: 1000 rows [2021-02-18 14:40:00 .. 2021-02-19 07:19:00]
[ 1m   71]   2.72% complete
→ page   72: 1000 rows [2021-02-19 07:20:00 .. 2021-02-19 23:59:00]
[ 1m   72]   2.76% complete
→ page   73: 1000 rows [2021-02-20 00:00:00 .. 2021-02-20 16:39:00]
[ 1m   73]   2.80% complete
→ page   74: 1000 rows [2021-02-20 16:40:00 .. 2021-02-21 09:19:00]
[ 1m   74]   2.84% complete
→ page   75: 1000 rows [2021-02-21 09:20:00 .. 2021-02-22 01:59:00]
[ 1m   75]   2.87% complete
→ page   76: 1000 rows [2021-02-22 02:00:00 .. 2021-02-22 18:39:00]
[ 1m   76]   2.91% complete
→ page   77: 1000 rows [2021-02-22 18:40:00 .. 2021-02-23 11:19:00]
[ 1m   77]   2.95% complete
→ page   78: 1000 rows [2021-02-23 11:20:00 .. 2021-02-24 03:59:00]
[ 1m   78]   2.99% complete
→ page   79: 1000 rows [2021-02-24 04:00:00 .. 2021-02-24 20:39:00]
[ 1m   79]   3.03% complete
→ page   80: 1000 rows [2021-02-24 20:40:00 .. 2021-02-25 13:19:00]
[ 1m   80]   3.07% complete
→ page   81: 1000 rows [2021-02-25 13:20:00 .. 2021-02-26 05:59:00]
[ 1m   81]   3.10% complete
→ page   82: 1000 rows [2021-02-26 06:00:00 .. 2021-02-26 22:39:00]
[ 1m   82]   3.14% complete