2025-12-18 13:48:54,116 [INFO] ======================================================================
2025-12-18 13:48:54,116 [INFO] BYBIT MARKET DATA FETCHER - SESSION START
2025-12-18 13:48:54,116 [INFO] ======================================================================
2025-12-18 13:48:54,116 [INFO] Base directory: /media/przem/linux_data/RiskYieldMM/fetchingByBit
2025-12-18 13:48:54,116 [INFO] Symbol: BTCUSDT | Category: linear
2025-12-18 13:48:54,116 [INFO] Date range: 2021-01-01 → now
2025-12-18 13:48:54,116 [INFO] Log file: /media/przem/linux_data/RiskYieldMM/fetchingByBit/fetch_log_20251218_134854.log
2025-12-18 13:48:54,116 [INFO] === Starting fetch: LINEAR BTCUSDT 1m ===
2025-12-18 13:48:54,128 [ERROR] API error: HTTPSConnectionPool(host='api.bybit.com', port=443): Max retries exceeded with url: /v5/market/kline?category=linear&symbol=BTCUSDT&interval=1&start=1766052660000&end=1766062134118&limit=1000 (Caused by NameResolutionError("HTTPSConnection(host='api.bybit.com', port=443): Failed to resolve 'api.bybit.com' ([Errno -3] Temporary failure in name resolution)")); retrying in 5 s
2025-12-18 13:48:59,130 [ERROR] API error: HTTPSConnectionPool(host='api.bybit.com', port=443): Max retries exceeded with url: /v5/market/kline?category=linear&symbol=BTCUSDT&interval=1&start=1766052660000&end=1766062134118&limit=1000 (Caused by NameResolutionError("HTTPSConnection(host='api.bybit.com', port=443): Failed to resolve 'api.bybit.com' ([Errno -3] Temporary failure in name resolution)")); retrying in 5 s
2025-12-18 13:49:04,131 [ERROR] API error: HTTPSConnectionPool(host='api.bybit.com', port=443): Max retries exceeded with url: /v5/market/kline?category=linear&symbol=BTCUSDT&interval=1&start=1766052660000&end=1766062134118&limit=1000 (Caused by NameResolutionError("HTTPSConnection(host='api.bybit.com', port=443): Failed to resolve 'api.bybit.com' ([Errno -3] Temporary failure in name resolution)")); retrying in 5 s
2025-12-18 13:49:09,133 [ERROR] API error: HTTPSConnectionPool(host='api.bybit.com', port=443): Max retries exceeded with url: /v5/market/kline?category=linear&symbol=BTCUSDT&interval=1&start=1766052660000&end=1766062134118&limit=1000 (Caused by NameResolutionError("HTTPSConnection(host='api.bybit.com', port=443): Failed to resolve 'api.bybit.com' ([Errno -3] Temporary failure in name resolution)")); retrying in 5 s
2025-12-18 13:49:14,134 [ERROR] API error: HTTPSConnectionPool(host='api.bybit.com', port=443): Max retries exceeded with url: /v5/market/kline?category=linear&symbol=BTCUSDT&interval=1&start=1766052660000&end=1766062134118&limit=1000 (Caused by NameResolutionError("HTTPSConnection(host='api.bybit.com', port=443): Failed to resolve 'api.bybit.com' ([Errno -3] Temporary failure in name resolution)")); retrying in 5 s
2025-12-18 13:49:19,137 [ERROR] API error: HTTPSConnectionPool(host='api.bybit.com', port=443): Max retries exceeded with url: /v5/market/kline?category=linear&symbol=BTCUSDT&interval=1&start=1766052660000&end=1766062134118&limit=1000 (Caused by NameResolutionError("HTTPSConnection(host='api.bybit.com', port=443): Failed to resolve 'api.bybit.com' ([Errno -3] Temporary failure in name resolution)")); retrying in 5 s
2025-12-18 13:49:24,138 [ERROR] API error: HTTPSConnectionPool(host='api.bybit.com', port=443): Max retries exceeded with url: /v5/market/kline?category=linear&symbol=BTCUSDT&interval=1&start=1766052660000&end=1766062134118&limit=1000 (Caused by NameResolutionError("HTTPSConnection(host='api.bybit.com', port=443): Failed to resolve 'api.bybit.com' ([Errno -3] Temporary failure in name resolution)")); retrying in 5 s
2025-12-18 13:49:29,140 [ERROR] API error: HTTPSConnectionPool(host='api.bybit.com', port=443): Max retries exceeded with url: /v5/market/kline?category=linear&symbol=BTCUSDT&interval=1&start=1766052660000&end=1766062134118&limit=1000 (Caused by NameResolutionError("HTTPSConnection(host='api.bybit.com', port=443): Failed to resolve 'api.bybit.com' ([Errno -3] Temporary failure in name resolution)")); retrying in 5 s
2025-12-18 13:49:36,857 [INFO] === Starting fetch: LINEAR BTCUSDT 5m ===
2025-12-18 13:49:37,852 [INFO] === Starting fetch: LINEAR BTCUSDT 15m ===
2025-12-18 13:49:38,432 [INFO] === Starting fetch: LINEAR BTCUSDT 1h ===
2025-12-18 13:49:38,858 [INFO] === Starting fetch: LINEAR BTCUSDT 4h ===
2025-12-18 13:49:39,220 [INFO] === Starting fetch: LINEAR BTCUSDT 1d ===
2025-12-18 13:49:39,224 [INFO] Up-to-date: no new data to fetch.
2025-12-18 14:27:07,936 [INFO] ======================================================================
2025-12-18 14:27:07,936 [INFO] FETCH SESSION COMPLETE
2025-12-18 14:27:07,936 [INFO] Duration: 38.2 minutes
2025-12-18 14:27:07,936 [INFO] Sources attempted: 31
2025-12-18 14:27:07,937 [INFO] Sources completed: 31
2025-12-18 14:27:07,937 [INFO] Sources failed: 0
2025-12-18 14:27:07,937 [INFO] ======================================================================
