2025-12-18 02:00:15,105 [INFO] ======================================================================
2025-12-18 02:00:15,105 [INFO] BYBIT MARKET DATA FETCHER - SESSION START
2025-12-18 02:00:15,106 [INFO] ======================================================================
2025-12-18 02:00:15,106 [INFO] Base directory: /media/przem/linux_data/RiskYieldMM/fetchingByBit
2025-12-18 02:00:15,106 [INFO] Symbol: BTCUSDT | Category: linear
2025-12-18 02:00:15,106 [INFO] Date range: 2021-01-01 → now
2025-12-18 02:00:15,106 [INFO] Log file: /media/przem/linux_data/RiskYieldMM/fetchingByBit/fetch_log_20251218_020015.log
2025-12-18 02:00:15,106 [INFO] === Starting fetch: LINEAR BTCUSDT 1m ===
2025-12-18 02:03:52,779 [INFO] [1m] Checkpoint 1: saved 500000 rows
2025-12-18 02:07:07,669 [INFO] [1m] Checkpoint 2: saved 1000000 rows
2025-12-18 02:10:41,802 [INFO] [1m] Checkpoint 3: saved 1500000 rows
2025-12-18 02:14:18,979 [INFO] [1m] Checkpoint 4: saved 2000000 rows
2025-12-18 02:18:04,730 [INFO] [1m] Checkpoint 5: saved 2500000 rows
2025-12-18 02:18:56,964 [INFO] Done: BTCUSDT 1m  total_rows=2609341  files=2612  time=18.7m  speed=2.33 pg/s
2025-12-18 02:18:56,973 [INFO] === Starting fetch: LINEAR BTCUSDT 5m ===
2025-12-18 02:22:33,353 [INFO] [5m] Checkpoint 1: saved 500000 rows
2025-12-18 02:22:44,664 [INFO] Done: BTCUSDT 5m  total_rows=521872  files=523  time=3.8m  speed=2.29 pg/s
2025-12-18 02:22:44,666 [INFO] === Starting fetch: LINEAR BTCUSDT 15m ===
2025-12-18 02:24:06,800 [INFO] Done: BTCUSDT 15m  total_rows=173958  files=175  time=1.4m  speed=2.12 pg/s
2025-12-18 02:24:06,801 [INFO] === Starting fetch: LINEAR BTCUSDT 1h ===
2025-12-18 02:24:23,901 [INFO] Done: BTCUSDT 1h  total_rows=43490  files=45  time=0.3m  speed=2.57 pg/s
2025-12-18 02:24:23,902 [INFO] === Starting fetch: LINEAR BTCUSDT 4h ===
2025-12-18 02:24:28,355 [INFO] Done: BTCUSDT 4h  total_rows=10873  files=12  time=0.1m  speed=2.47 pg/s
2025-12-18 02:24:28,355 [INFO] === Starting fetch: LINEAR BTCUSDT 1d ===
2025-12-18 02:24:29,049 [INFO] Done: BTCUSDT 1d  total_rows=1813  files=3  time=0.0m  speed=2.89 pg/s
2025-12-18 02:25:25,255 [INFO] ======================================================================
2025-12-18 02:25:25,255 [INFO] FETCH SESSION COMPLETE
2025-12-18 02:25:25,255 [INFO] Duration: 25.2 minutes
2025-12-18 02:25:25,256 [INFO] Sources attempted: 31
2025-12-18 02:25:25,256 [INFO] Sources completed: 31
2025-12-18 02:25:25,256 [INFO] Sources failed: 0
2025-12-18 02:25:25,256 [INFO] ======================================================================
