2025-12-18 01:35:17,653 [INFO] ======================================================================
2025-12-18 01:35:17,653 [INFO] BYBIT MARKET DATA FETCHER - SESSION START
2025-12-18 01:35:17,653 [INFO] ======================================================================
2025-12-18 01:35:17,654 [INFO] Base directory: /media/przem/linux_data/RiskYieldMM/fetchingByBit
2025-12-18 01:35:17,654 [INFO] Symbol: BTCUSDT | Category: linear
2025-12-18 01:35:17,654 [INFO] Date range: 2021-01-01 → now
2025-12-18 01:35:17,654 [INFO] Log file: /media/przem/linux_data/RiskYieldMM/fetchingByBit/fetch_log_20251218_013517.log
2025-12-18 01:35:17,654 [INFO] === Starting fetch: LINEAR BTCUSDT 1m ===
2025-12-18 01:35:17,657 [ERROR] Failed to fetch klines 1m: 'datetime.datetime' object has no attribute 'to_python'
2025-12-18 01:35:17,657 [INFO] === Starting fetch: LINEAR BTCUSDT 5m ===
2025-12-18 01:35:17,657 [ERROR] Failed to fetch klines 5m: 'datetime.datetime' object has no attribute 'to_python'
2025-12-18 01:35:17,657 [INFO] === Starting fetch: LINEAR BTCUSDT 15m ===
2025-12-18 01:35:17,657 [ERROR] Failed to fetch klines 15m: 'datetime.datetime' object has no attribute 'to_python'
2025-12-18 01:35:17,657 [INFO] === Starting fetch: LINEAR BTCUSDT 1h ===
2025-12-18 01:35:17,658 [ERROR] Failed to fetch klines 1h: 'datetime.datetime' object has no attribute 'to_python'
2025-12-18 01:35:17,658 [INFO] === Starting fetch: LINEAR BTCUSDT 4h ===
2025-12-18 01:35:17,658 [ERROR] Failed to fetch klines 4h: 'datetime.datetime' object has no attribute 'to_python'
2025-12-18 01:35:17,658 [INFO] === Starting fetch: LINEAR BTCUSDT 1d ===
2025-12-18 01:35:17,658 [ERROR] Failed to fetch klines 1d: 'datetime.datetime' object has no attribute 'to_python'
2025-12-18 01:35:17,658 [ERROR] Failed to fetch funding rate: 'datetime.datetime' object has no attribute 'to_python'
2025-12-18 01:35:17,659 [ERROR] Failed to fetch OI 1m: 'datetime.datetime' object has no attribute 'to_python'
2025-12-18 01:35:17,659 [ERROR] Failed to fetch OI 5m: 'datetime.datetime' object has no attribute 'to_python'
2025-12-18 01:35:17,659 [ERROR] Failed to fetch OI 15m: 'datetime.datetime' object has no attribute 'to_python'
2025-12-18 01:35:17,659 [ERROR] Failed to fetch OI 1h: 'datetime.datetime' object has no attribute 'to_python'
2025-12-18 01:35:17,659 [ERROR] Failed to fetch OI 4h: 'datetime.datetime' object has no attribute 'to_python'
2025-12-18 01:35:17,660 [ERROR] Failed to fetch OI 1d: 'datetime.datetime' object has no attribute 'to_python'
2025-12-18 01:35:17,660 [ERROR] Failed to fetch mark price 1m: 'datetime.datetime' object has no attribute 'to_python'
2025-12-18 01:35:17,660 [ERROR] Failed to fetch mark price 5m: 'datetime.datetime' object has no attribute 'to_python'
2025-12-18 01:35:17,660 [ERROR] Failed to fetch mark price 15m: 'datetime.datetime' object has no attribute 'to_python'
2025-12-18 01:35:17,660 [ERROR] Failed to fetch mark price 1h: 'datetime.datetime' object has no attribute 'to_python'
2025-12-18 01:35:17,661 [ERROR] Failed to fetch mark price 4h: 'datetime.datetime' object has no attribute 'to_python'
2025-12-18 01:35:17,661 [ERROR] Failed to fetch mark price 1d: 'datetime.datetime' object has no attribute 'to_python'
2025-12-18 01:35:17,661 [ERROR] Failed to fetch index price 1m: 'datetime.datetime' object has no attribute 'to_python'
2025-12-18 01:35:17,661 [ERROR] Failed to fetch index price 5m: 'datetime.datetime' object has no attribute 'to_python'
2025-12-18 01:35:17,662 [ERROR] Failed to fetch index price 15m: 'datetime.datetime' object has no attribute 'to_python'
2025-12-18 01:35:17,662 [ERROR] Failed to fetch index price 1h: 'datetime.datetime' object has no attribute 'to_python'
2025-12-18 01:35:17,662 [ERROR] Failed to fetch index price 4h: 'datetime.datetime' object has no attribute 'to_python'
2025-12-18 01:35:17,662 [ERROR] Failed to fetch index price 1d: 'datetime.datetime' object has no attribute 'to_python'
2025-12-18 01:35:17,662 [ERROR] Failed to fetch premium index 1m: 'datetime.datetime' object has no attribute 'to_python'
2025-12-18 01:35:17,663 [ERROR] Failed to fetch premium index 5m: 'datetime.datetime' object has no attribute 'to_python'
2025-12-18 01:35:17,663 [ERROR] Failed to fetch premium index 15m: 'datetime.datetime' object has no attribute 'to_python'
2025-12-18 01:35:17,663 [ERROR] Failed to fetch premium index 1h: 'datetime.datetime' object has no attribute 'to_python'
2025-12-18 01:35:17,663 [ERROR] Failed to fetch premium index 4h: 'datetime.datetime' object has no attribute 'to_python'
2025-12-18 01:35:17,663 [ERROR] Failed to fetch premium index 1d: 'datetime.datetime' object has no attribute 'to_python'
2025-12-18 01:35:17,664 [INFO] ======================================================================
2025-12-18 01:35:17,664 [INFO] FETCH SESSION COMPLETE
2025-12-18 01:35:17,664 [INFO] Duration: 0.0 minutes
2025-12-18 01:35:17,664 [INFO] Sources attempted: 31
2025-12-18 01:35:17,664 [INFO] Sources completed: 0
2025-12-18 01:35:17,664 [INFO] Sources failed: 31
2025-12-18 01:35:17,664 [INFO] ======================================================================
